Test Report
===========

